// Jest Snapshot v1, https://goo.gl/fbAQLP

exports[`<Calculator> should render the calculator 1`] = `
<div>
  <div
    class="sc-b5fa8bf3-0 fKQtld"
  >
    <div
      class="sc-b5fa8bf3-1 YpViN calculator__result"
    >
      <div
        aria-label="Result"
        class="sc-b5fa8bf3-2 jPTnNe calculator__result__exp"
        data-testid="calculatorResult"
        data-value=""
        role="input"
      />
      <div
        class="sc-b5fa8bf3-2 jPTnNe calculator__result__exp"
        data-testid="calculatorExpression"
      />
    </div>
    <div
      class="sc-b5fa8bf3-3 uDyhv calculator__btns"
      data-testid="calculatorButtons"
    >
      <button
        class="btn-operator"
      >
        C
      </button>
      <button
        class="btn-operator"
      >
        (
      </button>
      <button
        class="btn-operator"
      >
        )
      </button>
      <button
        class="btn-operator"
      >
        /
      </button>
      <button
        class=""
      >
        7
      </button>
      <button
        class=""
      >
        8
      </button>
      <button
        class=""
      >
        9
      </button>
      <button
        class="btn-operator"
      >
        x
      </button>
      <button
        class=""
      >
        4
      </button>
      <button
        class=""
      >
        5
      </button>
      <button
        class=""
      >
        6
      </button>
      <button
        class="btn-operator"
      >
        -
      </button>
      <button
        class=""
      >
        1
      </button>
      <button
        class=""
      >
        2
      </button>
      <button
        class=""
      >
        3
      </button>
      <button
        class="btn-operator"
      >
        +
      </button>
      <button
        class=""
      >
        <span
          style="box-sizing: border-box; display: inline-block; overflow: hidden; background: none; opacity: 1; border: 0px; margin: 0px; padding: 0px; position: relative; max-width: 100%;"
        >
          <span
            style="box-sizing: border-box; display: block; background: none; opacity: 1; border: 0px; margin: 0px; padding: 0px; max-width: 100%;"
          >
            <img
              alt=""
              aria-hidden="true"
              src="data:image/svg+xml,%3csvg%20xmlns=%27http://www.w3.org/2000/svg%27%20version=%271.1%27%20width=%2716%27%20height=%2716%27/%3e"
              style="display: block; max-width: 100%; background: none; opacity: 1; border: 0px; margin: 0px; padding: 0px;"
            />
          </span>
          <img
            alt="sun.svg"
            data-nimg="intrinsic"
            decoding="async"
            src="data:image/gif;base64,R0lGODlhAQABAIAAAAAAAP///yH5BAEAAAAALAAAAAABAAEAAAIBRAA7"
            style="position: absolute; top: 0px; left: 0px; bottom: 0px; right: 0px; box-sizing: border-box; padding: 0px; margin: auto; display: block; width: 0px; height: 0px; min-width: 100%; max-width: 100%; min-height: 100%; max-height: 100%;"
          />
          <noscript />
        </span>
      </button>
      <button
        class=""
      >
        0
      </button>
      <button
        class=""
      >
        .
      </button>
      <button
        class="btn-operator"
      >
        =
      </button>
    </div>
  </div>
</div>
`;
